
[1m[46m RUN [49m[22m [36mv4.0.18 [39m[90mC:/Users/Afonso/Downloads/elite-2050[39m

 [31mÔØ»[39m src/test/PlayerCard.test.tsx [2m([22m[2m1 test[22m[2m | [22m[31m1 failed[39m[2m)[22m[32m 108[2mms[22m[39m
[31m     [31m├ù[31m renders player total rating and nickname[39m[32m 106[2mms[22m[39m
node.exe : 
No linha:1 caractere:1
+ & "C:\Program 
Files\nodejs/node.exe" 
"C:\Program 
Files\nodejs/node_mo 
...
+ ~~~~~~~~~~~~~~~~~~~~~
~~~~~~~~~~~~~~~~~~~~~~~
~~~~~~~~~~~~~~~~~~~~~~~
~~
    + CategoryInfo     
         : 
NotSpecified: (:St    
ring) [], RemoteExcept 
   ion
    + 
FullyQualifiedErrorI   
 d : NativeCommandError
 
[31mÔÄ»ÔÄ»ÔÄ»ÔÄ»ÔÄ»ÔÄ»
ÔÄ»[39m[1m[41m 
Failed Tests 1 [49m[2
2m[31mÔÄ»ÔÄ»ÔÄ»ÔÄ»ÔÄ»Ô
Ä»ÔÄ»[39m

[41m[1m FAIL 
[22m[49m src/test/Pla
yerCard.test.tsx[2m > 
[22mPlayerCard 
Component[2m > 
[22mrenders player 
total rating and 
nickname
[31m[1mTestingLibrary
ElementError[22m[39m:
 Found multiple 
elements with the 
text: 800

Here are the matching 
elements:

Ignored nodes: 
comments, script, style
[36m<span[39m
  [33mclass[39m=[32m
"text-xl sm:text-2xl 
font-black 
leading-none drop-shado
w-[0_0_10px_rgba(255,25
5,255,0.3)] 
text-cyan-300"[39m
[36m>[39m
  [0m800[0m
[36m</span>[39m

Ignored nodes: 
comments, script, style
[36m<span[39m
  [33mclass[39m=[32m
"text-[6px] font-black 
text-cyan-400"[39m
[36m>[39m
  [0m800[0m
[36m</span>[39m

(If this is 
intentional, then use 
the `*AllBy*` variant 
of the query (like 
`queryAllByText`, 
`getAllByText`, or 
`findAllByText`)).

Ignored nodes: 
comments, script, style
[36m<body>[39m
  [36m<div>[39m
    [36m<div[39m
      [33mclass[39m=
[32m"relative w-full 
aspect-[1/1.8] 
rounded-xl border 
bg-gradient-to-br 
from-cyan-900/80 
to-fuchsia-900/80 
border-cyan-400/50 shad
ow-[0_0_15px_rgba(34,21
1,238,0.2)] 
cursor-pointer 
hover:scale-[1.03] 
transition-transform 
overflow-hidden flex 
flex-col 
justify-between p-1.5 
sm:p-2 
backdrop-blur-md"[39m
    [36m>[39m
      [36m<div[39m
        [33mclass[39m
=[32m"absolute 
inset-0 z-0 
opacity-100 
mix-blend-normal 
overflow-hidden flex 
items-center 
justify-center"[39m
      [36m>[39m
        [36m<div[39m
          [33mclass[3
9m=[32m"relative 
overflow-hidden 
rounded-xl w-64 h-64 
w-full h-full 
object-contain 
bg-slate-900/20"[39m
        [36m>[39m
          
[36m<img[39m
            [33malt[3
9m=[32m"Body"[39m
            [33mclass
[39m=[32m"absolute 
inset-0 w-full h-full 
object-contain 
z-10"[39m
            [33msrc[3
9m=[32m"/assetas/avata
rs/bodies/body_m_1.png"
[39m
          [36m/>[39m
          
[36m<img[39m
            [33malt[3
9m=[32m"Uniform"[39m
            [33mclass
[39m=[32m"absolute 
inset-0 w-full h-full 
object-contain 
z-20"[39m
            [33msrc[3
9m=[32m"/assetas/avata
rs/uniforms/uniform_cya
n.png"[39m
          [36m/>[39m
          
[36m<img[39m
            [33malt[3
9m=[32m"Hair"[39m
            [33mclass
[39m=[32m"absolute 
inset-0 w-full h-full 
object-contain 
z-30"[39m
            [33msrc[3
9m=[32m"/assetas/avata
rs/hair/hair_1.png"[39
m
          [36m/>[39m
          
[36m<img[39m
            [33malt[3
9m=[32m"Boots"[39m
            [33msrc[3
9m=[32m"/assetas/avata
rs/boots/boot_1.png"[3
9m
            [33mstyle
[39m=[32m"position: 
absolute; bottom: 5%; 
left: 45%; width: 59%; 
height: auto; 
transform: 
translateX(-50%); 
object-fit: contain; 
z-index: 100; 
pointer-events: 
none;"[39m
          [36m/>[39m
        
[36m</div>[39m
      [36m</div>[39m
      [36m<div[39m
        [33mclass[39m
=[32m"absolute 
inset-0 z-10 
bg-gradient-to-t 
from-black/80 
via-transparent 
to-transparent pointer-
events-none"[39m
      [36m/>[39m
      [36m<div[39m
        [33mclass[39m
=[32m"relative z-20 
flex justify-between 
items-start"[39m
      [36m>[39m
        [36m<div[39m
          [33mclass[3
9m=[32m"flex flex-col 
items-center"[39m
        [36m>[39m
          
[36m<span[39m
            [33mclass
[39m=[32m"text-xl 
sm:text-2xl font-black 
leading-none drop-shado
w-[0_0_10px_rgba(255,25
5,255,0.3)] 
text-cyan-300"[39m
          [36m>[39m
            [0m800[0m
          
[36m</span>[39m
          
[36m<div[39m
            [33mclass
[39m=[32m"flex 
flex-col 
items-center"[39m
          [36m>[39m
            
[36m<span[39m
              [33mclas
s[39m=[32m"text-[7px]
 sm:text-[8px] 
font-bold uppercase 
tracking-widest 
text-white/80 
mt-0.5"[39m
            [36m>[39m
              
[0mATA[0m
            
[36m</span>[39m
            
[36m<svg[39m
              [33maria
-hidden[39m=[32m"true
"[39m
              [33mclas
s[39m=[32m"lucide 
lucide-mars 
text-blue-400 
mt-0.5"[39m
              [33mfill
[39m=[32m"none"[39m
              [33mheig
ht[39m=[32m"10"[39m
              [33mstro
ke[39m=[32m"currentCo
lor"[39m
              [33mstro
ke-linecap[39m=[32m"r
ound"[39m
              [33mstro
ke-linejoin[39m=[32m"
round"[39m
              [33mstro
ke-width[39m=[32m"2"
[39m
              [33mview
Box[39m=[32m"0 0 24 
24"[39m
              [33mwidt
h[39m=[32m"10"[39m
              [33mxmln
s[39m=[32m"http://www
.w3.org/2000/svg"[39m
            [36m>[39m
              
[36m<path[39m
                
[33md[39m=[32m"M16 
3h5v5"[39m
              
[36m/>[39m
              
[36m<path[39m
                
[33md[39m=[32m"m21 
3-6.75 6.75"[39m
              
[36m/>[39m
              
[36m<circle[39m
                [33mcx
[39m=[32m"10"[39m
                [33mcy
[39m=[32m"14"[39m
                [33mr
[39m=[32m"6"[39m
              
[36m/>[39m
            
[36m</svg>[39m
          
[36m</div>[39m
        
[36m</div>[39m
        [36m<div[39m
          [33mclass[3
9m=[32m"text-right 
flex flex-col 
items-end gap-1"[39m
        [36m>[39m
          
[36m<div[39m
            [33mclass
[39m=[32m"flex 
items-center 
gap-2"[39m
          [36m>[39m
            
[36m<span[39m
              [33mclas
s[39m=[32m"text-[6px]
 sm:text-[7px] 
font-mono 
text-white/50 
bg-black/40 px-1 
py-0.5 rounded-lg 
border 
border-white/10"[39m
            [36m>[39m
              [0m#[0m
              
[0m123[0m
            
[36m</span>[39m
          
[36m</div>[39m
          
[36m<div[39m
            [33mclass
[39m=[32m"flex 
gap-1"[39m
          [36m>[39m
            
[36m<div[39m
              [33mclas
s[39m=[32m"inline-blo
ck px-1.5 py-0.5 
mt-0.5 rounded-lg 
text-[6px] 
sm:text-[7px] 
uppercase 
tracking-widest 
font-bold border 
bg-cyan-950 
text-cyan-400 border-cy
an-500/30"[39m
            [36m>[39m
              
[0mNORTE[0m
            
[36m</div>[39m
          
[36m</div>[39m
        
[36m</div>[39m
      [36m</div>[39m
      [36m<div[39m
        [33mclass[39m
=[32m"absolute 
bottom-14 left-0 
right-0 z-20 flex 
flex-col gap-1 
px-1.5"[39m
      [36m>[39m
        [36m<div[39m
          [33mclass[3
9m=[32m"bg-black/90 
backdrop-blur-md 
border border-white/20 
rounded-lg py-1 px-2 
shadow-2xl mx-1.5 
relative z-30 flex 
flex-col 
items-center"[39m
        [36m>[39m
          [36m<h3[39m
            [33mclass
[39m=[32m"text-[9px] 
sm:text-[11px] 
font-black 
leading-tight 
uppercase 
tracking-[0.2em] 
text-white text-center 
drop-shadow-lg 
truncate"[39m
          [36m>[39m
            [0mJD[0m
          
[36m</h3>[39m
          
[36m<div[39m
            [33mclass
[39m=[32m"mt-0.5 
px-1.5 py-0.5 
rounded-lg text-[6px] 
uppercase 
tracking-widest 
font-bold border 
bg-cyan-950 
text-cyan-400 
border-cyan-500/30 
opacity-90"[39m
          [36m>[39m
            
[0mNORTE[0m
          
[36m</div>[39m
        
[36m</div>[39m
        [36m<div[39m
          [33mclass[3
9m=[32m"flex flex-col 
gap-1.5 px-1 
bg-black/60 
backdrop-blur-md 
rounded-xl py-1.5 
border border-white/10 
mx-0.5 relative 
z-20"[39m
        [36m>[39m
          
[36m<div[39m
            [33mclass
[39m=[32m"space-y-0.5"
[39m
          [36m>[39m
            
[36m<div[39m
              [33mclas
s[39m=[32m"flex 
justify-between 
items-center px-1"[39m
            [36m>[39m
              
[36m<span[39m
                [33mcl
ass[39m=[32m"text-[5p
x] sm:text-[6px] 
uppercase font-black 
text-cyan-400 flex 
items-center 
gap-0.5"[39m
              
[36m>[39m
                
[36m<svg[39m
                  [33m
aria-hidden[39m=[32m"
true"[39m
                  [33m
class[39m=[32m"lucide
 lucide-zap"[39m
                  [33m
fill[39m=[32m"none"[
39m
                  [33m
height[39m=[32m"5"[3
9m
                  [33m
stroke[39m=[32m"curre
ntColor"[39m
                  [33m
stroke-linecap[39m=[3
2m"round"[39m
                  [33m
stroke-linejoin[39m=[
32m"round"[39m
                  [33m
stroke-width[39m=[32m
"2"[39m
                  [33m
viewBox[39m=[32m"0 0 
24 24"[39m
                  [33m
width[39m=[32m"5"[39
m
                  [33m
xmlns[39m=[32m"http:/
/www.w3.org/2000/svg"[
39m
                
[36m>[39m
                  
[36m<path[39m
                    
[33md[39m=[32m"M4 
14a1 1 0 0 1-.78-1.63l9
.9-10.2a.5.5 0 0 1 
.86.46l-1.92 6.02A1 1 
0 0 0 13 10h7a1 1 0 0 
1 .78 1.63l-9.9 
10.2a.5.5 0 0 
1-.86-.46l1.92-6.02A1 
1 0 0 0 11 14z"[39m
                  
[36m/>[39m
                
[36m</svg>[39m
                [0m 
POWER[0m
              
[36m</span>[39m
              
[36m<span[39m
                [33mcl
ass[39m=[32m"text-[6p
x] font-black 
text-cyan-400"[39m
              
[36m>[39m
                
[0m800[0m
              
[36m</span>[39m
            
[36m</div>[39m
            
[36m<div[39m
              [33mclas
s[39m=[32m"h-0.5 
bg-black/40 
rounded-full 
overflow-hidden border 
border-white/5 
relative"[39m
            [36m>[39m
              
[36m<div[39m
                [33mcl
ass[39m=[32m"h-full 
rounded-full 
transition-all 
duration-1000 
bg-gradient-to-r 
from-emerald-400 
to-cyan-400"[39m
                [33mst
yle[39m=[32m"width: 
80%;"[39m
              
[36m/>[39m
            
[36m</div>[39m
          
[36m</div>[39m
          
[36m<div[39m
            [33mclass
[39m=[32m"space-y-0.5"
[39m
          [36m>[39m
            
[36m<div[39m
              [33mclas
s[39m=[32m"flex 
justify-between 
items-center px-1"[39m
            [36m>[39m
              
[36m<span[39m

[2m Test Files [22m [1m[31m1 failed[39m[22m[90m (1)[39m
[2m      Tests [22m [1m[31m1 failed[39m[22m[90m (1)[39m
[2m   Start at [22m 19:03:24
[2m   Duration [22m 3.54s[2m (transform 251ms, setup 238ms, import 1.11s, tests 108ms, environment 1.77s)[22m

                [33mcl
ass[39m=[32m"text-[5p
x] sm:text-[6px] 
uppercase font-black 
text-amber-400 flex 
items-center 
gap-0.5"[39m
              
[36m>[39m
                
[36m<svg[39m
                  [33m
aria-hidden[39m=[32m"
true"[39m
                  [33m
class[39m=[32m"lucide
 lucide-trophy"[39m
                  [33m
fill[39m=[32m"none"[
39m
                  [33m
height[39m=[32m"5"[3
9m
                  [33m
stroke[39m=[32m"curre
ntColor"[39m
                  [33m
stroke-linecap[39m=[3
2m"round"[39m
                  [33m
stroke-linejoin[39m=[
32m"round"[39m
                  [33m
stroke-width[39m=[32m
"2"[39m
                  [33m
viewBox[39m=[32m"0 0 
24 24"[39m
                  [33m
width[39m=[32m"5"[39
m
                  [33m
xmlns[39m=[32m"http:/
/www.w3.org/2000/svg"[
39m
                
[36m>[39m
                  
[36m<path[39m
                    
[33md[39m=[32m"M10 
14.66v1.626a2 2 0 0 
1-.976 1.696A5 5 0 0 0 
7 21.978"[39m
                  
[36m/>[39m
                  
[36m<path[39m
                    
[33md[39m=[32m"M14 
14.66v1.626a2 2 0 0 0 
.976 1.696A5 5 0 0 1 
17 21.978"[39m
                  
[36m/>[39m
                  
[36m<path[39m
                    
[33md[39m=[32m"M18 
9h1.5a1 1 0 0 0 
0-5H18"[39m
                  
[36m/>[39m
                  
[36m<path[39m
                    
[33md[39m=[32m"M4 
22h16"[39m
                  
[36m/>[39m
                  
[36m<path[39m
                    
[33md[39m=[32m"M6 
9a6 6 0 0 0 12 0V3a1 1 
0 0 0-1-1H7a1 1 0 0 
0-1 1z"[39m
                  
[36m/>[39m
                  
[36m<path[39m
                    
[33md[39m=[32m"M6 
9H4.5a1 1 0 0 1 
0-5H6"[39m
                  
[36m/>[39m
                
[36m</svg>[39m
                [0m 
POTENTIAL[0m
              
[36m</span>[39m
              
[36m<span[39m
                [33mcl
ass[39m=[32m"text-[6p
x] font-black 
text-amber-400"[39m
              
[36m>[39m
                
[0m850[0m
              
[36m</span>[39m
            
[36m</div>[39m
            
[36m<div[39m
              [33mclas
s[39m=[32m"h-0.5 
bg-black/40 
rounded-full 
overflow-hidden border 
border-white/5 
relative"[39m
            [36m>[39m
              
[36m<div[39m
                [33mcl
ass[39m=[32m"h-full 
rounded-full 
transition-all 
duration-1000 
bg-gradient-to-r 
from-amber-500 
to-orange-400"[39m
                [33mst
yle[39m=[32m"width: 
85%;"[39m
              
[36m/>[39m
            
[36m</div>[39m
          
[36m</div>[39m
        
[36m</div>[39m
      [36m</div>[39m
    [36m</div>[39m
  [36m</div>[39m
[36m</body>[39m
[90m [2mÔØ»[22m 
Object.getElementError 
node_modules/@testing-l
ibrary/dom/dist/config.
js:[2m37:19[22m[39m
[90m [2mÔØ»[22m 
getElementError node_mo
dules/@testing-library/
dom/dist/query-helpers.
js:[2m20:35[22m[39m
[90m [2mÔØ»[22m getM
ultipleElementsFoundErr
or node_modules/@testin
g-library/dom/dist/quer
y-helpers.js:[2m23:10
[22m[39m
[90m [2mÔØ»[22m node
_modules/@testing-libra
ry/dom/dist/query-helpe
rs.js:[2m55:13[22m[3
9m
[90m [2mÔØ»[22m node
_modules/@testing-libra
ry/dom/dist/query-helpe
rs.js:[2m95:19[22m[3
9m
[36m [2mÔØ»[22m src/
test/PlayerCard.test.ts
x:[2m58:23[22m[39m
    [90m 56| [39m
    [90m 57| [39m    
    [90m// 
Assertions[39m
    [90m 58| [39m    
    [34mexpect[39m(sc
reen[33m.[39m[34mget
ByText[39m([32m'800'
[39m))[33m.[39m[34mt
oBeInTheDocument[39m()
[33m;[39m
    [90m   | [39m    
                  
[31m^[39m
    [90m 59| [39m    
    [34mexpect[39m(sc
reen[33m.[39m[34mget
ByText[39m([32m'JD'[
39m))[33m.[39m[34mto
BeInTheDocument[39m()
[33m;[39m
    [90m 60| [39m    
})[33m;[39m

[31m[2mÔÄ»ÔÄ»ÔÄ»ÔÄ»ÔÄ
»ÔÄ»ÔÄ»ÔÄ»ÔÄ»ÔÄ»ÔÄ»ÔÄ»Ô
Ä»ÔÄ»ÔÄ»ÔÄ»ÔÄ»ÔÄ»ÔÄ»ÔÄ»
ÔÄ»ÔÄ»ÔÄ»ÔÄ»[1/1]ÔÄ»[2
2m[39m

